#-----------------------------------------------------------
# Webtalk v2017.1 (64-bit)
# SW Build 1846317 on Fri Apr 14 18:54:47 MDT 2017
# IP Build 1846188 on Fri Apr 14 20:52:08 MDT 2017
# Start of session at: Wed Jun 14 15:34:32 2017
# Process ID: 23155
# Current directory: /mnt/centos_share/Vivado_Projects/hls_scratchpad/hls_cmd_line_testing/hls_gui_proj/hls_sin_proj/solution1/sim/vhdl
# Command line: wbtcv -mode batch -source /mnt/centos_share/Vivado_Projects/hls_scratchpad/hls_cmd_line_testing/hls_gui_proj/hls_sin_proj/solution1/sim/vhdl/xsim.dir/sin_taylor_series/webtalk/xsim_webtalk.tcl -notrace
# Log file: /mnt/centos_share/Vivado_Projects/hls_scratchpad/hls_cmd_line_testing/hls_gui_proj/hls_sin_proj/solution1/sim/vhdl/webtalk.log
# Journal file: /mnt/centos_share/Vivado_Projects/hls_scratchpad/hls_cmd_line_testing/hls_gui_proj/hls_sin_proj/solution1/sim/vhdl/webtalk.jou
#-----------------------------------------------------------
source /mnt/centos_share/Vivado_Projects/hls_scratchpad/hls_cmd_line_testing/hls_gui_proj/hls_sin_proj/solution1/sim/vhdl/xsim.dir/sin_taylor_series/webtalk/xsim_webtalk.tcl -notrace
