

================================================================
== Vivado HLS Report for 'Loop_sum_loop_proc'
================================================================
* Date:           Wed Jun 14 15:29:01 2017

* Version:        2017.1 (Build 1846317 on Fri Apr 14 19:19:38 MDT 2017)
* Project:        hls_sin_proj
* Solution:       solution1
* Product family: zynq
* Target device:  xc7z020clg484-1


================================================================
== Performance Estimates
================================================================
+ Timing (ns): 
    * Summary: 
    +--------+-------+----------+------------+
    |  Clock | Target| Estimated| Uncertainty|
    +--------+-------+----------+------------+
    |ap_clk  |  10.00|      8.62|        1.25|
    +--------+-------+----------+------------+

+ Latency (clock cycles): 
    * Summary: 
    +-----+------+-----+------+---------+
    |   Latency  |  Interval  | Pipeline|
    | min |  max | min |  max |   Type  |
    +-----+------+-----+------+---------+
    |  196|  1151|  196|  1151|   none  |
    +-----+------+-----+------+---------+

    + Detail: 
        * Instance: 
        N/A

        * Loop: 
        +------------+-----+------+----------+-----------+-----------+------+----------+
        |            |   Latency  | Iteration|  Initiation Interval  | Trip |          |
        |  Loop Name | min |  max |  Latency |  achieved |   target  | Count| Pipelined|
        +------------+-----+------+----------+-----------+-----------+------+----------+
        |- sum_loop  |  195|  1150| 39 ~ 230 |          -|          -|     5|    no    |
        +------------+-----+------+----------+-----------+-----------+------+----------+

============================================================
+ Verbose Summary: Synthesis Manager
============================================================
InlineROM: 1
ExposeGlobal: 0
============================================================
+ Verbose Summary: CDFG Model
============================================================
IsTopModel: 0
ResetActiveHigh: 1
IsCombinational: 2
IsDatapathOnly: 0
HasWiredReturn: 1
HasMFsm: 0
HasVarLatency: 1
IsPipeline: 0
IsRtlPipelined: 0
IsInstanceOverlapped: 0
IsDontTouch: 0
HasImplIP: 0
IsGatedGlobalClock: 0


============================================================
+ Verbose Summary: Schedule
============================================================
* Number of FSM states: 38
* Pipeline: 0
* Dataflow Pipeline: 0

* FSM state transitions: 
1 --> 
	2  / true
2 --> 
	3  / (tmp_i)
3 --> 
	4  / true
4 --> 
	5  / true
5 --> 
	6  / true
6 --> 
	7  / true
7 --> 
	8  / true
8 --> 
	9  / true
9 --> 
	10  / true
10 --> 
	11  / true
11 --> 
	12  / true
12 --> 
	13  / true
13 --> 
	14  / true
14 --> 
	15  / true
15 --> 
	16  / true
16 --> 
	17  / true
17 --> 
	18  / true
18 --> 
	19  / true
19 --> 
	20  / true
20 --> 
	21  / true
21 --> 
	22  / true
22 --> 
	23  / true
23 --> 
	24  / true
24 --> 
	25  / true
25 --> 
	26  / true
26 --> 
	27  / true
27 --> 
	28  / true
28 --> 
	29  / true
29 --> 
	30  / true
30 --> 
	31  / true
31 --> 
	32  / true
32 --> 
	33  / true
33 --> 
	34  / true
34 --> 
	35  / true
35 --> 
	36  / true
36 --> 
	37  / true
37 --> 
	38  / true
38 --> 
	2  / true
* FSM state operations: 

 <State 1>: 1.77ns
ST_1: x_read (2)  [1/1] 0.00ns
newFuncRoot:0  %x_read = call double @_ssdm_op_Read.ap_auto.double(double %x)

ST_1: StgValue_40 (3)  [1/1] 1.77ns
newFuncRoot:1  br label %0


 <State 2>: 7.10ns
ST_2: sum_positive_0_loc_l (5)  [1/1] 0.00ns
:0  %sum_positive_0_loc_l = phi double [ 0.000000e+00, %newFuncRoot ], [ %sum_positive, %1 ]

ST_2: sum_negative_0_loc_l (6)  [1/1] 0.00ns
:1  %sum_negative_0_loc_l = phi double [ 0.000000e+00, %newFuncRoot ], [ %sum_negative, %1 ]

ST_2: i_0_i_i (7)  [1/1] 0.00ns
:2  %i_0_i_i = phi i5 [ 1, %newFuncRoot ], [ %i, %1 ]

ST_2: tmp_i (8)  [1/1] 3.31ns  loc: ../source_files/src/dut.cpp:31
:3  %tmp_i = icmp ult i5 %i_0_i_i, -11

ST_2: empty (9)  [1/1] 0.00ns
:4  %empty = call i32 (...)* @_ssdm_op_SpecLoopTripCount(i64 5, i64 5, i64 5) nounwind

ST_2: StgValue_46 (10)  [1/1] 0.00ns  loc: ../source_files/src/dut.cpp:31
:5  br i1 %tmp_i, label %1, label %sin_taylor_series_.exit2.exitStub

ST_2: tmp_1_i (13)  [2/2] 4.43ns  loc: ../source_files/src/dut.cpp:32
:1  %tmp_1_i = call fastcc double @power(double %x_read, i5 %i_0_i_i) nounwind

ST_2: tmp_2_i (14)  [2/2] 4.43ns  loc: ../source_files/src/dut.cpp:32
:2  %tmp_2_i = call fastcc double @fact(i5 %i_0_i_i) nounwind

ST_2: tmp_5_i (17)  [1/1] 2.66ns  loc: ../source_files/src/dut.cpp:33
:5  %tmp_5_i = add i5 %i_0_i_i, 2

ST_2: tmp_6_i (18)  [2/2] 4.43ns  loc: ../source_files/src/dut.cpp:33
:6  %tmp_6_i = call fastcc double @power(double %x_read, i5 %tmp_5_i) nounwind

ST_2: tmp_7_i (19)  [2/2] 4.43ns  loc: ../source_files/src/dut.cpp:33
:7  %tmp_7_i = call fastcc double @fact(i5 %tmp_5_i) nounwind

ST_2: i (22)  [1/1] 2.66ns  loc: ../source_files/src/dut.cpp:31
:10  %i = add i5 %i_0_i_i, 4

ST_2: mrv (25)  [1/1] 0.00ns  loc: ../source_files/src/dut.cpp:32
sin_taylor_series_.exit2.exitStub:0  %mrv = insertvalue { double, double } undef, double %sum_positive_0_loc_l, 0

ST_2: mrv_1 (26)  [1/1] 0.00ns  loc: ../source_files/src/dut.cpp:32
sin_taylor_series_.exit2.exitStub:1  %mrv_1 = insertvalue { double, double } %mrv, double %sum_negative_0_loc_l, 1

ST_2: StgValue_55 (27)  [1/1] 0.00ns  loc: ../source_files/src/dut.cpp:32
sin_taylor_series_.exit2.exitStub:2  ret { double, double } %mrv_1


 <State 3>: 8.62ns
ST_3: tmp_1_i (13)  [1/2] 0.00ns  loc: ../source_files/src/dut.cpp:32
:1  %tmp_1_i = call fastcc double @power(double %x_read, i5 %i_0_i_i) nounwind

ST_3: tmp_2_i (14)  [1/2] 0.00ns  loc: ../source_files/src/dut.cpp:32
:2  %tmp_2_i = call fastcc double @fact(i5 %i_0_i_i) nounwind

ST_3: tmp_3_i (15)  [31/31] 8.62ns  loc: ../source_files/src/dut.cpp:32
:3  %tmp_3_i = fdiv double %tmp_1_i, %tmp_2_i

ST_3: tmp_6_i (18)  [1/2] 0.00ns  loc: ../source_files/src/dut.cpp:33
:6  %tmp_6_i = call fastcc double @power(double %x_read, i5 %tmp_5_i) nounwind

ST_3: tmp_7_i (19)  [1/2] 0.00ns  loc: ../source_files/src/dut.cpp:33
:7  %tmp_7_i = call fastcc double @fact(i5 %tmp_5_i) nounwind

ST_3: tmp_8_i (20)  [31/31] 8.62ns  loc: ../source_files/src/dut.cpp:33
:8  %tmp_8_i = fdiv double %tmp_6_i, %tmp_7_i


 <State 4>: 8.62ns
ST_4: tmp_3_i (15)  [30/31] 8.62ns  loc: ../source_files/src/dut.cpp:32
:3  %tmp_3_i = fdiv double %tmp_1_i, %tmp_2_i

ST_4: tmp_8_i (20)  [30/31] 8.62ns  loc: ../source_files/src/dut.cpp:33
:8  %tmp_8_i = fdiv double %tmp_6_i, %tmp_7_i


 <State 5>: 8.62ns
ST_5: tmp_3_i (15)  [29/31] 8.62ns  loc: ../source_files/src/dut.cpp:32
:3  %tmp_3_i = fdiv double %tmp_1_i, %tmp_2_i

ST_5: tmp_8_i (20)  [29/31] 8.62ns  loc: ../source_files/src/dut.cpp:33
:8  %tmp_8_i = fdiv double %tmp_6_i, %tmp_7_i


 <State 6>: 8.62ns
ST_6: tmp_3_i (15)  [28/31] 8.62ns  loc: ../source_files/src/dut.cpp:32
:3  %tmp_3_i = fdiv double %tmp_1_i, %tmp_2_i

ST_6: tmp_8_i (20)  [28/31] 8.62ns  loc: ../source_files/src/dut.cpp:33
:8  %tmp_8_i = fdiv double %tmp_6_i, %tmp_7_i


 <State 7>: 8.62ns
ST_7: tmp_3_i (15)  [27/31] 8.62ns  loc: ../source_files/src/dut.cpp:32
:3  %tmp_3_i = fdiv double %tmp_1_i, %tmp_2_i

ST_7: tmp_8_i (20)  [27/31] 8.62ns  loc: ../source_files/src/dut.cpp:33
:8  %tmp_8_i = fdiv double %tmp_6_i, %tmp_7_i


 <State 8>: 8.62ns
ST_8: tmp_3_i (15)  [26/31] 8.62ns  loc: ../source_files/src/dut.cpp:32
:3  %tmp_3_i = fdiv double %tmp_1_i, %tmp_2_i

ST_8: tmp_8_i (20)  [26/31] 8.62ns  loc: ../source_files/src/dut.cpp:33
:8  %tmp_8_i = fdiv double %tmp_6_i, %tmp_7_i


 <State 9>: 8.62ns
ST_9: tmp_3_i (15)  [25/31] 8.62ns  loc: ../source_files/src/dut.cpp:32
:3  %tmp_3_i = fdiv double %tmp_1_i, %tmp_2_i

ST_9: tmp_8_i (20)  [25/31] 8.62ns  loc: ../source_files/src/dut.cpp:33
:8  %tmp_8_i = fdiv double %tmp_6_i, %tmp_7_i


 <State 10>: 8.62ns
ST_10: tmp_3_i (15)  [24/31] 8.62ns  loc: ../source_files/src/dut.cpp:32
:3  %tmp_3_i = fdiv double %tmp_1_i, %tmp_2_i

ST_10: tmp_8_i (20)  [24/31] 8.62ns  loc: ../source_files/src/dut.cpp:33
:8  %tmp_8_i = fdiv double %tmp_6_i, %tmp_7_i


 <State 11>: 8.62ns
ST_11: tmp_3_i (15)  [23/31] 8.62ns  loc: ../source_files/src/dut.cpp:32
:3  %tmp_3_i = fdiv double %tmp_1_i, %tmp_2_i

ST_11: tmp_8_i (20)  [23/31] 8.62ns  loc: ../source_files/src/dut.cpp:33
:8  %tmp_8_i = fdiv double %tmp_6_i, %tmp_7_i


 <State 12>: 8.62ns
ST_12: tmp_3_i (15)  [22/31] 8.62ns  loc: ../source_files/src/dut.cpp:32
:3  %tmp_3_i = fdiv double %tmp_1_i, %tmp_2_i

ST_12: tmp_8_i (20)  [22/31] 8.62ns  loc: ../source_files/src/dut.cpp:33
:8  %tmp_8_i = fdiv double %tmp_6_i, %tmp_7_i


 <State 13>: 8.62ns
ST_13: tmp_3_i (15)  [21/31] 8.62ns  loc: ../source_files/src/dut.cpp:32
:3  %tmp_3_i = fdiv double %tmp_1_i, %tmp_2_i

ST_13: tmp_8_i (20)  [21/31] 8.62ns  loc: ../source_files/src/dut.cpp:33
:8  %tmp_8_i = fdiv double %tmp_6_i, %tmp_7_i


 <State 14>: 8.62ns
ST_14: tmp_3_i (15)  [20/31] 8.62ns  loc: ../source_files/src/dut.cpp:32
:3  %tmp_3_i = fdiv double %tmp_1_i, %tmp_2_i

ST_14: tmp_8_i (20)  [20/31] 8.62ns  loc: ../source_files/src/dut.cpp:33
:8  %tmp_8_i = fdiv double %tmp_6_i, %tmp_7_i


 <State 15>: 8.62ns
ST_15: tmp_3_i (15)  [19/31] 8.62ns  loc: ../source_files/src/dut.cpp:32
:3  %tmp_3_i = fdiv double %tmp_1_i, %tmp_2_i

ST_15: tmp_8_i (20)  [19/31] 8.62ns  loc: ../source_files/src/dut.cpp:33
:8  %tmp_8_i = fdiv double %tmp_6_i, %tmp_7_i


 <State 16>: 8.62ns
ST_16: tmp_3_i (15)  [18/31] 8.62ns  loc: ../source_files/src/dut.cpp:32
:3  %tmp_3_i = fdiv double %tmp_1_i, %tmp_2_i

ST_16: tmp_8_i (20)  [18/31] 8.62ns  loc: ../source_files/src/dut.cpp:33
:8  %tmp_8_i = fdiv double %tmp_6_i, %tmp_7_i


 <State 17>: 8.62ns
ST_17: tmp_3_i (15)  [17/31] 8.62ns  loc: ../source_files/src/dut.cpp:32
:3  %tmp_3_i = fdiv double %tmp_1_i, %tmp_2_i

ST_17: tmp_8_i (20)  [17/31] 8.62ns  loc: ../source_files/src/dut.cpp:33
:8  %tmp_8_i = fdiv double %tmp_6_i, %tmp_7_i


 <State 18>: 8.62ns
ST_18: tmp_3_i (15)  [16/31] 8.62ns  loc: ../source_files/src/dut.cpp:32
:3  %tmp_3_i = fdiv double %tmp_1_i, %tmp_2_i

ST_18: tmp_8_i (20)  [16/31] 8.62ns  loc: ../source_files/src/dut.cpp:33
:8  %tmp_8_i = fdiv double %tmp_6_i, %tmp_7_i


 <State 19>: 8.62ns
ST_19: tmp_3_i (15)  [15/31] 8.62ns  loc: ../source_files/src/dut.cpp:32
:3  %tmp_3_i = fdiv double %tmp_1_i, %tmp_2_i

ST_19: tmp_8_i (20)  [15/31] 8.62ns  loc: ../source_files/src/dut.cpp:33
:8  %tmp_8_i = fdiv double %tmp_6_i, %tmp_7_i


 <State 20>: 8.62ns
ST_20: tmp_3_i (15)  [14/31] 8.62ns  loc: ../source_files/src/dut.cpp:32
:3  %tmp_3_i = fdiv double %tmp_1_i, %tmp_2_i

ST_20: tmp_8_i (20)  [14/31] 8.62ns  loc: ../source_files/src/dut.cpp:33
:8  %tmp_8_i = fdiv double %tmp_6_i, %tmp_7_i


 <State 21>: 8.62ns
ST_21: tmp_3_i (15)  [13/31] 8.62ns  loc: ../source_files/src/dut.cpp:32
:3  %tmp_3_i = fdiv double %tmp_1_i, %tmp_2_i

ST_21: tmp_8_i (20)  [13/31] 8.62ns  loc: ../source_files/src/dut.cpp:33
:8  %tmp_8_i = fdiv double %tmp_6_i, %tmp_7_i


 <State 22>: 8.62ns
ST_22: tmp_3_i (15)  [12/31] 8.62ns  loc: ../source_files/src/dut.cpp:32
:3  %tmp_3_i = fdiv double %tmp_1_i, %tmp_2_i

ST_22: tmp_8_i (20)  [12/31] 8.62ns  loc: ../source_files/src/dut.cpp:33
:8  %tmp_8_i = fdiv double %tmp_6_i, %tmp_7_i


 <State 23>: 8.62ns
ST_23: tmp_3_i (15)  [11/31] 8.62ns  loc: ../source_files/src/dut.cpp:32
:3  %tmp_3_i = fdiv double %tmp_1_i, %tmp_2_i

ST_23: tmp_8_i (20)  [11/31] 8.62ns  loc: ../source_files/src/dut.cpp:33
:8  %tmp_8_i = fdiv double %tmp_6_i, %tmp_7_i


 <State 24>: 8.62ns
ST_24: tmp_3_i (15)  [10/31] 8.62ns  loc: ../source_files/src/dut.cpp:32
:3  %tmp_3_i = fdiv double %tmp_1_i, %tmp_2_i

ST_24: tmp_8_i (20)  [10/31] 8.62ns  loc: ../source_files/src/dut.cpp:33
:8  %tmp_8_i = fdiv double %tmp_6_i, %tmp_7_i


 <State 25>: 8.62ns
ST_25: tmp_3_i (15)  [9/31] 8.62ns  loc: ../source_files/src/dut.cpp:32
:3  %tmp_3_i = fdiv double %tmp_1_i, %tmp_2_i

ST_25: tmp_8_i (20)  [9/31] 8.62ns  loc: ../source_files/src/dut.cpp:33
:8  %tmp_8_i = fdiv double %tmp_6_i, %tmp_7_i


 <State 26>: 8.62ns
ST_26: tmp_3_i (15)  [8/31] 8.62ns  loc: ../source_files/src/dut.cpp:32
:3  %tmp_3_i = fdiv double %tmp_1_i, %tmp_2_i

ST_26: tmp_8_i (20)  [8/31] 8.62ns  loc: ../source_files/src/dut.cpp:33
:8  %tmp_8_i = fdiv double %tmp_6_i, %tmp_7_i


 <State 27>: 8.62ns
ST_27: tmp_3_i (15)  [7/31] 8.62ns  loc: ../source_files/src/dut.cpp:32
:3  %tmp_3_i = fdiv double %tmp_1_i, %tmp_2_i

ST_27: tmp_8_i (20)  [7/31] 8.62ns  loc: ../source_files/src/dut.cpp:33
:8  %tmp_8_i = fdiv double %tmp_6_i, %tmp_7_i


 <State 28>: 8.62ns
ST_28: tmp_3_i (15)  [6/31] 8.62ns  loc: ../source_files/src/dut.cpp:32
:3  %tmp_3_i = fdiv double %tmp_1_i, %tmp_2_i

ST_28: tmp_8_i (20)  [6/31] 8.62ns  loc: ../source_files/src/dut.cpp:33
:8  %tmp_8_i = fdiv double %tmp_6_i, %tmp_7_i


 <State 29>: 8.62ns
ST_29: tmp_3_i (15)  [5/31] 8.62ns  loc: ../source_files/src/dut.cpp:32
:3  %tmp_3_i = fdiv double %tmp_1_i, %tmp_2_i

ST_29: tmp_8_i (20)  [5/31] 8.62ns  loc: ../source_files/src/dut.cpp:33
:8  %tmp_8_i = fdiv double %tmp_6_i, %tmp_7_i


 <State 30>: 8.62ns
ST_30: tmp_3_i (15)  [4/31] 8.62ns  loc: ../source_files/src/dut.cpp:32
:3  %tmp_3_i = fdiv double %tmp_1_i, %tmp_2_i

ST_30: tmp_8_i (20)  [4/31] 8.62ns  loc: ../source_files/src/dut.cpp:33
:8  %tmp_8_i = fdiv double %tmp_6_i, %tmp_7_i


 <State 31>: 8.62ns
ST_31: tmp_3_i (15)  [3/31] 8.62ns  loc: ../source_files/src/dut.cpp:32
:3  %tmp_3_i = fdiv double %tmp_1_i, %tmp_2_i

ST_31: tmp_8_i (20)  [3/31] 8.62ns  loc: ../source_files/src/dut.cpp:33
:8  %tmp_8_i = fdiv double %tmp_6_i, %tmp_7_i


 <State 32>: 8.62ns
ST_32: tmp_3_i (15)  [2/31] 8.62ns  loc: ../source_files/src/dut.cpp:32
:3  %tmp_3_i = fdiv double %tmp_1_i, %tmp_2_i

ST_32: tmp_8_i (20)  [2/31] 8.62ns  loc: ../source_files/src/dut.cpp:33
:8  %tmp_8_i = fdiv double %tmp_6_i, %tmp_7_i


 <State 33>: 8.62ns
ST_33: tmp_3_i (15)  [1/31] 8.62ns  loc: ../source_files/src/dut.cpp:32
:3  %tmp_3_i = fdiv double %tmp_1_i, %tmp_2_i

ST_33: tmp_8_i (20)  [1/31] 8.62ns  loc: ../source_files/src/dut.cpp:33
:8  %tmp_8_i = fdiv double %tmp_6_i, %tmp_7_i


 <State 34>: 8.23ns
ST_34: sum_positive (16)  [5/5] 8.23ns  loc: ../source_files/src/dut.cpp:32
:4  %sum_positive = fadd double %sum_positive_0_loc_l, %tmp_3_i

ST_34: sum_negative (21)  [5/5] 8.23ns  loc: ../source_files/src/dut.cpp:33
:9  %sum_negative = fadd double %sum_negative_0_loc_l, %tmp_8_i


 <State 35>: 8.23ns
ST_35: sum_positive (16)  [4/5] 8.23ns  loc: ../source_files/src/dut.cpp:32
:4  %sum_positive = fadd double %sum_positive_0_loc_l, %tmp_3_i

ST_35: sum_negative (21)  [4/5] 8.23ns  loc: ../source_files/src/dut.cpp:33
:9  %sum_negative = fadd double %sum_negative_0_loc_l, %tmp_8_i


 <State 36>: 8.23ns
ST_36: sum_positive (16)  [3/5] 8.23ns  loc: ../source_files/src/dut.cpp:32
:4  %sum_positive = fadd double %sum_positive_0_loc_l, %tmp_3_i

ST_36: sum_negative (21)  [3/5] 8.23ns  loc: ../source_files/src/dut.cpp:33
:9  %sum_negative = fadd double %sum_negative_0_loc_l, %tmp_8_i


 <State 37>: 8.23ns
ST_37: sum_positive (16)  [2/5] 8.23ns  loc: ../source_files/src/dut.cpp:32
:4  %sum_positive = fadd double %sum_positive_0_loc_l, %tmp_3_i

ST_37: sum_negative (21)  [2/5] 8.23ns  loc: ../source_files/src/dut.cpp:33
:9  %sum_negative = fadd double %sum_negative_0_loc_l, %tmp_8_i


 <State 38>: 8.23ns
ST_38: StgValue_130 (12)  [1/1] 0.00ns  loc: ../source_files/src/dut.cpp:31
:0  call void (...)* @_ssdm_op_SpecLoopName([9 x i8]* @p_str3) nounwind

ST_38: sum_positive (16)  [1/5] 8.23ns  loc: ../source_files/src/dut.cpp:32
:4  %sum_positive = fadd double %sum_positive_0_loc_l, %tmp_3_i

ST_38: sum_negative (21)  [1/5] 8.23ns  loc: ../source_files/src/dut.cpp:33
:9  %sum_negative = fadd double %sum_negative_0_loc_l, %tmp_8_i

ST_38: StgValue_133 (23)  [1/1] 0.00ns  loc: ../source_files/src/dut.cpp:31
:11  br label %0



============================================================
+ Verbose Summary: Timing violations
============================================================
Target clock period: 10ns, clock uncertainty: 1.25ns.

 <State 1>: 1.77ns
The critical path consists of the following:
	multiplexor before 'phi' operation ('sum_positive') with incoming values : ('sum_positive', ../source_files/src/dut.cpp:32) [5]  (1.77 ns)

 <State 2>: 7.1ns
The critical path consists of the following:
	'phi' operation ('i') with incoming values : ('i', ../source_files/src/dut.cpp:31) [7]  (0 ns)
	'add' operation ('tmp_5_i', ../source_files/src/dut.cpp:33) [17]  (2.66 ns)
	'call' operation ('tmp_6_i', ../source_files/src/dut.cpp:33) to 'power' [18]  (4.43 ns)

 <State 3>: 8.62ns
The critical path consists of the following:
	'call' operation ('tmp_1_i', ../source_files/src/dut.cpp:32) to 'power' [13]  (0 ns)
	'ddiv' operation ('tmp_3_i', ../source_files/src/dut.cpp:32) [15]  (8.62 ns)

 <State 4>: 8.62ns
The critical path consists of the following:
	'ddiv' operation ('tmp_3_i', ../source_files/src/dut.cpp:32) [15]  (8.62 ns)

 <State 5>: 8.62ns
The critical path consists of the following:
	'ddiv' operation ('tmp_3_i', ../source_files/src/dut.cpp:32) [15]  (8.62 ns)

 <State 6>: 8.62ns
The critical path consists of the following:
	'ddiv' operation ('tmp_3_i', ../source_files/src/dut.cpp:32) [15]  (8.62 ns)

 <State 7>: 8.62ns
The critical path consists of the following:
	'ddiv' operation ('tmp_3_i', ../source_files/src/dut.cpp:32) [15]  (8.62 ns)

 <State 8>: 8.62ns
The critical path consists of the following:
	'ddiv' operation ('tmp_3_i', ../source_files/src/dut.cpp:32) [15]  (8.62 ns)

 <State 9>: 8.62ns
The critical path consists of the following:
	'ddiv' operation ('tmp_3_i', ../source_files/src/dut.cpp:32) [15]  (8.62 ns)

 <State 10>: 8.62ns
The critical path consists of the following:
	'ddiv' operation ('tmp_3_i', ../source_files/src/dut.cpp:32) [15]  (8.62 ns)

 <State 11>: 8.62ns
The critical path consists of the following:
	'ddiv' operation ('tmp_3_i', ../source_files/src/dut.cpp:32) [15]  (8.62 ns)

 <State 12>: 8.62ns
The critical path consists of the following:
	'ddiv' operation ('tmp_3_i', ../source_files/src/dut.cpp:32) [15]  (8.62 ns)

 <State 13>: 8.62ns
The critical path consists of the following:
	'ddiv' operation ('tmp_3_i', ../source_files/src/dut.cpp:32) [15]  (8.62 ns)

 <State 14>: 8.62ns
The critical path consists of the following:
	'ddiv' operation ('tmp_3_i', ../source_files/src/dut.cpp:32) [15]  (8.62 ns)

 <State 15>: 8.62ns
The critical path consists of the following:
	'ddiv' operation ('tmp_3_i', ../source_files/src/dut.cpp:32) [15]  (8.62 ns)

 <State 16>: 8.62ns
The critical path consists of the following:
	'ddiv' operation ('tmp_3_i', ../source_files/src/dut.cpp:32) [15]  (8.62 ns)

 <State 17>: 8.62ns
The critical path consists of the following:
	'ddiv' operation ('tmp_3_i', ../source_files/src/dut.cpp:32) [15]  (8.62 ns)

 <State 18>: 8.62ns
The critical path consists of the following:
	'ddiv' operation ('tmp_3_i', ../source_files/src/dut.cpp:32) [15]  (8.62 ns)

 <State 19>: 8.62ns
The critical path consists of the following:
	'ddiv' operation ('tmp_3_i', ../source_files/src/dut.cpp:32) [15]  (8.62 ns)

 <State 20>: 8.62ns
The critical path consists of the following:
	'ddiv' operation ('tmp_3_i', ../source_files/src/dut.cpp:32) [15]  (8.62 ns)

 <State 21>: 8.62ns
The critical path consists of the following:
	'ddiv' operation ('tmp_3_i', ../source_files/src/dut.cpp:32) [15]  (8.62 ns)

 <State 22>: 8.62ns
The critical path consists of the following:
	'ddiv' operation ('tmp_3_i', ../source_files/src/dut.cpp:32) [15]  (8.62 ns)

 <State 23>: 8.62ns
The critical path consists of the following:
	'ddiv' operation ('tmp_3_i', ../source_files/src/dut.cpp:32) [15]  (8.62 ns)

 <State 24>: 8.62ns
The critical path consists of the following:
	'ddiv' operation ('tmp_3_i', ../source_files/src/dut.cpp:32) [15]  (8.62 ns)

 <State 25>: 8.62ns
The critical path consists of the following:
	'ddiv' operation ('tmp_3_i', ../source_files/src/dut.cpp:32) [15]  (8.62 ns)

 <State 26>: 8.62ns
The critical path consists of the following:
	'ddiv' operation ('tmp_3_i', ../source_files/src/dut.cpp:32) [15]  (8.62 ns)

 <State 27>: 8.62ns
The critical path consists of the following:
	'ddiv' operation ('tmp_3_i', ../source_files/src/dut.cpp:32) [15]  (8.62 ns)

 <State 28>: 8.62ns
The critical path consists of the following:
	'ddiv' operation ('tmp_3_i', ../source_files/src/dut.cpp:32) [15]  (8.62 ns)

 <State 29>: 8.62ns
The critical path consists of the following:
	'ddiv' operation ('tmp_3_i', ../source_files/src/dut.cpp:32) [15]  (8.62 ns)

 <State 30>: 8.62ns
The critical path consists of the following:
	'ddiv' operation ('tmp_3_i', ../source_files/src/dut.cpp:32) [15]  (8.62 ns)

 <State 31>: 8.62ns
The critical path consists of the following:
	'ddiv' operation ('tmp_3_i', ../source_files/src/dut.cpp:32) [15]  (8.62 ns)

 <State 32>: 8.62ns
The critical path consists of the following:
	'ddiv' operation ('tmp_3_i', ../source_files/src/dut.cpp:32) [15]  (8.62 ns)

 <State 33>: 8.62ns
The critical path consists of the following:
	'ddiv' operation ('tmp_3_i', ../source_files/src/dut.cpp:32) [15]  (8.62 ns)

 <State 34>: 8.23ns
The critical path consists of the following:
	'dadd' operation ('sum_positive', ../source_files/src/dut.cpp:32) [16]  (8.23 ns)

 <State 35>: 8.23ns
The critical path consists of the following:
	'dadd' operation ('sum_positive', ../source_files/src/dut.cpp:32) [16]  (8.23 ns)

 <State 36>: 8.23ns
The critical path consists of the following:
	'dadd' operation ('sum_positive', ../source_files/src/dut.cpp:32) [16]  (8.23 ns)

 <State 37>: 8.23ns
The critical path consists of the following:
	'dadd' operation ('sum_positive', ../source_files/src/dut.cpp:32) [16]  (8.23 ns)

 <State 38>: 8.23ns
The critical path consists of the following:
	'dadd' operation ('sum_positive', ../source_files/src/dut.cpp:32) [16]  (8.23 ns)


============================================================
+ Verbose Summary: Binding
============================================================
N/A
* FSMD analyzer results:
  - Output states:
 - Input state : 
  - Chain level:
	State 1
	State 2
	State 3
	State 4
	State 5
	State 6
	State 7
	State 8
	State 9
	State 10
	State 11
	State 12
	State 13
	State 14
	State 15
	State 16
	State 17
	State 18
	State 19
	State 20
	State 21
	State 22
	State 23
	State 24
	State 25
	State 26
	State 27
	State 28
	State 29
	State 30
	State 31
	State 32
	State 33
	State 34
	State 35
	State 36
	State 37
	State 38


============================================================
+ Verbose Summary: Datapath Resource usage 
============================================================
N/A
